event_tag,year,aid,structural,structural_ins
grp=00~ses=0002~src=1~rup=1-01,70,0,2.59053E+02,0.00000E+00
