Timerange: [1970-01-01 00:00:01.005000000, 1970-01-01 00:00:01.010000000]
Soft IRQ                                             Duration (us)                                        Raise latency (us)
                       count          min          avg          max        stdev  |  count          min          avg          max        stdev       
----------------------------------------------------------------------------------|------------------------------------------------------------
1:  <TIMER_SOFTIRQ>        1     3000.000     3000.000     3000.000            ?  |      1     1000.000     1000.000     1000.000            ?