# source_model_tree_path=('b1',),gsim_tree_path=('b1',),investigation_time=1.0
lon,lat,PGA-0.1,PGA-0.4,PGA-0.6,SA(0.1)-0.1,SA(0.1)-0.4,SA(0.1)-0.6
0.00000,0.00000,4.570135E-01,5.862679E-02,6.866165E-03,6.086748E-01,3.308305E-01,2.014712E-01
