col=00~ses=0074~src=1~rup=492-01,0,2.16858751E-02
col=02~ses=0202~src=1~rup=1587-01,0,8.81042691E-02
col=01~ses=0347~src=1~rup=633-01,0,2.59760405E-02
col=01~ses=0237~src=1~rup=448-01,0,2.04980691E-02
col=00~ses=0042~src=1~rup=1175-01,0,5.19906147E-02
col=02~ses=0181~src=1~rup=800-01,0,3.21680661E-02
col=00~ses=0054~src=1~rup=298-01,0,1.69165950E-02
col=01~ses=0299~src=1~rup=377-01,0,1.87170307E-02
col=02~ses=0291~src=1~rup=375-01,0,1.86691675E-02
col=01~ses=0331~src=1~rup=976-01,0,4.02977643E-02
col=01~ses=0177~src=1~rup=151-01,0,1.40146079E-02
col=02~ses=0073~src=1~rup=323-01,0,1.74667841E-02
col=02~ses=0338~src=1~rup=425-01,0,1.99032937E-02
