col=00~ses=0074~src=1~rup=492-01,0,1.16905058E-01
col=02~ses=0202~src=1~rup=1587-01,0,2.58762208E-01
col=01~ses=0347~src=1~rup=633-01,0,1.32140812E-01
col=01~ses=0237~src=1~rup=448-01,0,1.12382842E-01
col=00~ses=0042~src=1~rup=1175-01,0,2.00177026E-01
col=02~ses=0181~src=1~rup=800-01,0,1.51599447E-01
col=00~ses=0054~src=1~rup=298-01,0,9.78123614E-02
col=01~ses=0299~src=1~rup=377-01,0,1.05322401E-01
col=02~ses=0291~src=1~rup=375-01,0,1.05127769E-01
col=01~ses=0331~src=1~rup=976-01,0,1.73635097E-01
col=01~ses=0177~src=1~rup=151-01,0,8.48099946E-02
col=02~ses=0073~src=1~rup=323-01,0,1.00149443E-01
col=02~ses=0338~src=1~rup=425-01,0,1.10063546E-01
