Timerange: [1970-01-01 00:00:01.000000000, 1970-01-01 00:00:11.000000000]
Per-TID Usage                                                                               Process                   Migrations   Priorities
################################################################################
████████████████████████████████████████████████████████████████████████████████ 100.00 %   prog100pc-cpu5 (42)                0   [20]
████████████████████                                                              25.00 %   prog25pc-cpu1 (30665)              0   [20]
████████████████                                                                  20.00 %   prog20pc-cpu0 (30664)              0   [20]
                                                                                   0.00 %   swapper/5 (0)                      0   []

Per-CPU Usage
################################################################################
████████████████                                                                  21.00 % CPU 0
████████████████████████████████████████████████████                              66.00 % CPU 1
████████████████████████████████████████████████████████████████████████████████ 100.00 % CPU 5


Total CPU Usage: 62.33%
