Error: Trace has no intersection. Use --no-intersection to override